  CREATE_STREAM @0 {NAME:seq T:Transactions SCOPE:uvm_test_top.env.act.sqr STREAM:686}
  CREATE_STREAM @0 {NAME:seq T:Transactions SCOPE:uvm_test_top.env.act.sqr STREAM:686}
  CREATE_STREAM @0 {NAME:seq T:Transactions SCOPE:uvm_test_top.env.act.sqr STREAM:686}
  CREATE_STREAM @0 {NAME:seq T:Transactions SCOPE:uvm_test_top.env.act.sqr STREAM:686}
  CREATE_STREAM @0 {NAME:seq T:Transactions SCOPE:uvm_test_top.env.act.sqr STREAM:686}
  CREATE_STREAM @0 {NAME:seq T:Transactions SCOPE:uvm_test_top.env.act.sqr STREAM:686}
  CREATE_STREAM @0 {NAME:seq T:Transactions SCOPE:uvm_test_top.env.act.sqr STREAM:686}
  CREATE_STREAM @0 {NAME:seq T:Transactions SCOPE:uvm_test_top.env.act.sqr STREAM:686}
  CREATE_STREAM @0 {NAME:seq T:Transactions SCOPE:uvm_test_top.env.act.sqr STREAM:686}
  CREATE_STREAM @0 {NAME:seq T:Transactions SCOPE:uvm_test_top.env.act.sqr STREAM:686}
  CREATE_STREAM @0 {NAME:seq T:Transactions SCOPE:uvm_test_top.env.act.sqr STREAM:686}
  CREATE_STREAM @0 {NAME:seq T:Transactions SCOPE:uvm_test_top.env.act.sqr STREAM:686}
  CREATE_STREAM @0 {NAME:seq T:Transactions SCOPE:uvm_test_top.env.act.sqr STREAM:686}
  CREATE_STREAM @0 {NAME:seq T:Transactions SCOPE:uvm_test_top.env.act.sqr STREAM:686}
  CREATE_STREAM @0 {NAME:seq T:Transactions SCOPE:uvm_test_top.env.act.sqr STREAM:682}
  CREATE_STREAM @0 {NAME:seq T:Transactions SCOPE:uvm_test_top.env.act.sqr STREAM:682}
  CREATE_STREAM @0 {NAME:seq T:Transactions SCOPE:uvm_test_top.env.act.sqr STREAM:682}
  CREATE_STREAM @0 {NAME:seq T:Transactions SCOPE:uvm_test_top.env.act.sqr STREAM:682}
  CREATE_STREAM @0 {NAME:seq T:Transactions SCOPE:uvm_test_top.env.act.sqr STREAM:682}
  CREATE_STREAM @0 {NAME:seq T:Transactions SCOPE:uvm_test_top.env.act.sqr STREAM:682}
  CREATE_STREAM @0 {NAME:wr_simul T:Transactions SCOPE:uvm_test_top.env.act.sqr STREAM:682}
  CREATE_STREAM @0 {NAME:rd_a T:Transactions SCOPE:uvm_test_top.env.act.sqr STREAM:691}
  CREATE_STREAM @0 {NAME:aw_w T:Transactions SCOPE:uvm_test_top.env.act.sqr STREAM:699}
  CREATE_STREAM @0 {NAME:rd_b T:Transactions SCOPE:uvm_test_top.env.act.sqr STREAM:707}
  CREATE_STREAM @0 {NAME:w_aw T:Transactions SCOPE:uvm_test_top.env.act.sqr STREAM:715}
  CREATE_STREAM @0 {NAME:rd_c T:Transactions SCOPE:uvm_test_top.env.act.sqr STREAM:723}
  CREATE_STREAM @0 {NAME:wr_rd T:Transactions SCOPE:uvm_test_top.env.act.sqr STREAM:731}
  CREATE_STREAM @0 {NAME:seq T:Transactions SCOPE:uvm_test_top.env.act.sqr STREAM:739}
  CREATE_STREAM @0 {NAME:wr_simul T:Transactions SCOPE:uvm_test_top.env.act.sqr STREAM:682}
  CREATE_STREAM @0 {NAME:rd_a T:Transactions SCOPE:uvm_test_top.env.act.sqr STREAM:691}
  CREATE_STREAM @0 {NAME:aw_w T:Transactions SCOPE:uvm_test_top.env.act.sqr STREAM:699}
  CREATE_STREAM @0 {NAME:rd_b T:Transactions SCOPE:uvm_test_top.env.act.sqr STREAM:707}
  CREATE_STREAM @0 {NAME:w_aw T:Transactions SCOPE:uvm_test_top.env.act.sqr STREAM:715}
  CREATE_STREAM @0 {NAME:rd_c T:Transactions SCOPE:uvm_test_top.env.act.sqr STREAM:723}
  CREATE_STREAM @0 {NAME:wr_rd T:Transactions SCOPE:uvm_test_top.env.act.sqr STREAM:731}
  CREATE_STREAM @0 {NAME:seq T:Transactions SCOPE:uvm_test_top.env.act.sqr STREAM:739}
